[DATA_POINT]
1="tcp_connect"
2="tcp_connection_count"
3="ssl_session_new"
4="mic_recv"
5="HTTP_200"
6="ssl_session_reuse"
7="HTTP_304"
8="tcp_shutdown"
9="HTTP_401"
[END_TRANSACTION]
10="login_Action_65"
11="https://thinking-tester-contact-list.herokuapp.com/contactList"
12="https://thinking-tester-contact-list.herokuapp.com/js/contactList.js"
13="contactList_Action_77"
14="https://thinking-tester-contact-list.herokuapp.com/contacts"
15="contacts_Action_87"
16="https://update.googleapis.com/service/update2/json"
17="json_2_Action_97"
18="Action_Transaction"
19="vuser_end_Transaction"
1="vuser_init_Transaction"
2="https://thinking-tester-contact-list.herokuapp.com/"
3="https://thinking-tester-contact-list.herokuapp.com/js/login.js"
4="https://thinking-tester-contact-list.herokuapp.com/css/styles.css"
5="https://thinking-tester-contact-list.herokuapp.com/img/thinkingTesterLogo.png"
6="thinking-tester-contact-li_Action_7"
7="https://update.googleapis.com/service/update2/json?cup2key=13:lXNfubQsqabxpg4eri_YTEJrXJWsuOtJaOeczbJopHw&cup2hreq=f1c5fa71982069f49156415202bb900fa0c0bd444df4f07441087b564c34e65a"
8="json_Action_23"
9="https://thinking-tester-contact-list.herokuapp.com/users/login"
